<!DOCTYPE html>
<html>
<head>
  <meta name="viewport" content="width=device-width, initial-scale=1">
  <link rel="shortcut icon" href="/icons/favicon-green.ico"/>
  <link rel="apple-touch-icon" href="/icons/icon-green.png"/>
  <title>sha256.badssl.com</title>
  <link rel="stylesheet" href="/style.css">
  <style>body { background: green; }</style>
</head>
<body>
<div id="content">
  <h1 style="font-size: 12vw;">
    sha256.<br>badssl.com
  </h1>
</div>

</body>
</html>
